// Jest Snapshot v1, https://goo.gl/fbAQLP

exports[`Given the CustomSelect Component then must be rendered (take a snapshot) 1`] = `
<DocumentFragment>
  <select
    class="styles.filterbar__select"
    name="product-order"
  >
    <option
      class="styles.filterbar__optiontitle"
      selected=""
      value=""
    >
       Productos
    </option>
    <option
      class="styles.filterbar__option"
      value="Precio"
    >
      Precio
    </option>
    <option
      class="styles.filterbar__option"
      value="Nombre"
    >
      Nombre
    </option>
    <option
      class="styles.filterbar__option"
      value="Sección"
    >
      Sección
    </option>
  </select>
</DocumentFragment>
`;
